// Jest Snapshot v1, https://goo.gl/fbAQLP

exports[`FormBuilder renders the FormBuilder 1`] = `
<div>
  <form
    class="form"
    name="applicantForm"
  >
    <div
      class="field"
    >
      <label
        for="firstName"
      >
        First Name
      </label>
      <input
        id="firstName"
        name="firstName"
        placeholder="First Name"
        type="text"
      />
    </div>
    <div
      class="field"
    >
      <label
        for="lastName"
      >
        Last Name
      </label>
      <input
        id="lastName"
        name="lastName"
        placeholder="Last Name"
        type="text"
      />
    </div>
    <div
      class="field"
    >
      <label>
        Are you a Software Engineer?
      </label>
      <div
        style="display: inline-flex; gap: 16px;"
      >
        <div>
          <label
            for="yes"
          >
            yes
          </label>
          <input
            id="isSoftwareEngineer-yes"
            name="isSoftwareEngineer-yes"
            type="checkbox"
          />
           
        </div>
        <div>
          <label
            for="no"
          >
            no
          </label>
          <input
            id="isSoftwareEngineer-no"
            name="isSoftwareEngineer-no"
            type="checkbox"
          />
           
        </div>
      </div>
    </div>
    <div
      class="field"
    >
      <label
        for="proficiency"
      >
        Which languages are you proficient in?
      </label>
      <select
        id="proficiency"
        multiple=""
        name="proficiency"
      >
        <option
          value="Javascript"
        >
          Javascript
        </option>
        <option
          value="Java"
        >
          Java
        </option>
        <option
          value="Python"
        >
          Python
        </option>
        <option
          value="CSS"
        >
          CSS
        </option>
        <option
          value="SQL"
        >
          SQL
        </option>
        <option
          value="None of them"
        >
          None of them
        </option>
      </select>
    </div>
    <div
      class="field"
    >
      <label
        for="officeDays"
      >
        When can you come to our office in Palo Alto?
      </label>
      <select
        id="officeDays"
        multiple=""
        name="officeDays"
      >
        <option
          value="Monday"
        >
          Monday
        </option>
        <option
          value="Tuesday"
        >
          Tuesday
        </option>
        <option
          value="Wednesday"
        >
          Wednesday
        </option>
        <option
          value="Thursday"
        >
          Thursday
        </option>
        <option
          value="Friday"
        >
          Friday
        </option>
        <option
          value="Never"
        >
          Never
        </option>
      </select>
    </div>
    <div
      class="field"
    >
      <label
        for="operatingSystem"
      >
        What's your favorite operating system to code on?
      </label>
      <select
        id="operatingSystem"
        name="operatingSystem"
      >
        <option
          value="Mac"
        >
          Mac
        </option>
        <option
          value="Windows"
        >
          Windows
        </option>
        <option
          value="Linux"
        >
          Linux
        </option>
      </select>
    </div>
    <div
      class="buttonContainer"
    >
      <button
        type="submit"
      >
        Submit
      </button>
      <button
        type="reset"
      >
        Reset
      </button>
    </div>
  </form>
</div>
`;
